====================================================================
Mon Sep 16 15:54:20 2019
+---------+---------+----------+---------+------------------------+
|Op Name  |No.csim  |No.cosim  |Status   |Profile                 |
+---------+---------+----------+---------+------------------------+
|Unknown  |0        |0         |Skipped  |./hw/amax/profile.json  |
+---------+---------+----------+---------+------------------------+
|Unknown  |0        |0         |Skipped  |./hw/amax/profile.json  |
+---------+---------+----------+---------+------------------------+
|amin     |0        |0         |Failed   |./hw/amin/profile.json  |
+---------+---------+----------+---------+------------------------+
|amax     |0        |0         |Failed   |./hw/amax/profile.json  |
+---------+---------+----------+---------+------------------------+
====================================================================
====================================================================
Mon Sep 16 15:57:20 2019
+---------+---------+----------+---------+------------------------+
|Op Name  |No.csim  |No.cosim  |Status   |Profile                 |
+---------+---------+----------+---------+------------------------+
|Unknown  |0        |0         |Skipped  |./hw/amax/profile.json  |
+---------+---------+----------+---------+------------------------+
|Unknown  |0        |0         |Skipped  |./hw/amin/profile.json  |
+---------+---------+----------+---------+------------------------+
|amax     |0        |0         |Failed   |./hw/amax/profile.json  |
+---------+---------+----------+---------+------------------------+
====================================================================
